ImageMagick
ImageMagick-c++
ImageMagick-libs
VirtualBox-6.1
Zim
adobe-release-x86_64
alacarte
alien
anaconda
anaconda-install-env-deps
anaconda-live
android-file-transfer
arc-icon-theme
arc-theme
aspell
beesu
bleachbit
blosc
bzip2-libs
cabextract
calf
cherrytree-future
chkconfig
code
compat-lua-libs
containerd.io
dconf-editor
ddccontrol-gtk
distribution-gpg-keys
dkms
double-conversion
dracut-live
fbida
fedora-workstation-repositories
fedy
fftw-libs-double
fftw-libs-single
flameshot
flash-player-ppapi
flash-plugin
flat-remix
flat-remix-gnome
flat-remix-gtk
fontawesome-fonts
fontawesome-fonts-web
geary
geeqie
gimagereader-common
gimagereader-gtk
glabels
glabels-doc
glabels-libs
glabels-templates
glibc
glibc-devel
gmime30
gnome-shell-extension-user-theme
gnome-tweaks
google-chrome-stable
gparted
graphviz
grsync
gsl
gstreamer-plugins-espeak
gstreamer1-plugins-bad-free-extras
gtksourceview3
gtksourceviewmm3
gtkspell3
gtkspellmm30
gts
hdf5
iec16022-libs
initscripts
inkscape
js-backbone
js-marked
js-underscore
keepnote
kernel-modules-extra
ladspa-calf-plugins
ladspa-zam-plugins
langpacks-en
lash-libs
lasi
leptonica
libFAudio
libX11-devel
libXaw
libXrandr
libXrender
libaec
libappindicator-gtk3
libbs2b
libdbusmenu
libdbusmenu-gtk3
libdvdcss
libebur128
libgcc
libgdl
libidn
libindicator-gtk3
liblqr-1
libnatpmp
libofa
libqhull
libreoffice-draw
libsmi
libsodium
libstdc++
libusb
libuv
libva
libvkd3d
libvkd3d-shader
libwmf-lite
libxml++30
libytnef
libzip
lirc-libs
lsd
lsp-plugins-lv2
lv2-calf-plugins
lv2-mdala-plugins
lv2-zam-plugins
lzip
make
mathjax
mathjax-ams-fonts
mathjax-caligraphic-fonts
mathjax-fraktur-fonts
mathjax-main-fonts
mathjax-math-fonts
mathjax-sansserif-fonts
mathjax-script-fonts
mathjax-size1-fonts
mathjax-size2-fonts
mathjax-size3-fonts
mathjax-size4-fonts
mathjax-stixweb-fonts
mathjax-typewriter-fonts
mathjax-vector-fonts
mathjax-winchrome-fonts
mathjax-winie6-fonts
mediawriter
mesa-libOSMesa
moby-engine
ncurses-libs
nemo
neofetch
netpbm
nodejs
nodejs-docs
nodejs-full-i18n
nodejs-libs
nodejs-packaging
npm
numix-gtk-theme
numix-icon-theme
numix-icon-theme-circle
ocs-url
openal-soft
openpgm
openssl
p7zip
p7zip-plugins
pandoc
pandoc-common
paper-gtk-theme
paper-icon-theme
papirus-icon-theme
perl-File-Copy
perl-Filter
perl-Text-Unidecode
perl-XML-XPath
perl-encoding
perl-open
podofo-libs
potrace
powerline-fonts
pulseaudio-module-bluetooth-freeworld
pulseeffects
pycharm-community
python-jupyter-filesystem
python-qt5-rpm-macros
python3-Bottleneck
python3-attrs
python3-babel
python3-backcall
python3-bleach
python3-configobj
python3-cycler
python3-defusedxml
python3-devel
python3-entrypoints
python3-gexiv2
python3-html5lib
python3-idle
python3-ipykernel
python3-ipython
python3-ipython_genutils
python3-jedi
python3-jinja2
python3-jsonschema
python3-jupyter-client
python3-jupyter-core
python3-kiwisolver
python3-matplotlib
python3-matplotlib-data
python3-matplotlib-data-fonts
python3-matplotlib-tk
python3-mistune
python3-mock
python3-nbconvert
python3-nbformat
python3-netifaces
python3-notebook
python3-numexpr
python3-numpy
python3-numpy-f2py
python3-packaging
python3-pandas
python3-pandas-datareader
python3-pandocfilters
python3-parso
python3-pickleshare
python3-prometheus_client
python3-prompt-toolkit
python3-pygments
python3-pyparsing
python3-pyqt5-sip
python3-pyrsistent
python3-qt5
python3-qt5-base
python3-rpm-macros
python3-scipy
python3-scour
python3-send2trash
python3-tables
python3-terminado
python3-testpath
python3-tkinter
python3-tornado
python3-traitlets
python3-wcwidth
python3-webencodings
python3-xlib
python3-xlrd
python3-xlwt
python3-zmq
python3.8
qt5-qtconnectivity
qt5-qtlocation
qt5-qtmultimedia
qt5-qtquickcontrols
qt5-qtsensors
qt5-qtserialport
qt5-qtsvg
qt5-qttools-common
qt5-qttools-libs-designer
qt5-qttools-libs-help
qt5-qtwebchannel
qt5-qtwebsockets
rpmfusion-free-release
rpmfusion-free-release-tainted
rpmfusion-nonfree-release
rpmrebuild
rubberband
snapd
spandsp
spirv-tools-libs
switchdesk
switchdesk-gui
tesseract
tesseract-langpack-eng
tesseract-tessdata-doc
texlive-amscls
texlive-amsfonts
texlive-amsmath
texlive-atbegshi
texlive-atveryend
texlive-auxhook
texlive-base
texlive-bigintcalc
texlive-bitset
texlive-cm
texlive-cm-super
texlive-dehyph
texlive-dvipng
texlive-epstopdf-pkg
texlive-etex
texlive-etex-pkg
texlive-etexcmds
texlive-gettitlestring
texlive-graphics
texlive-graphics-cfg
texlive-graphics-def
texlive-hobsub
texlive-hycolor
texlive-hyperref
texlive-hyph-utf8
texlive-hyphen-base
texlive-iftex
texlive-infwarerr
texlive-intcalc
texlive-knuth-lib
texlive-kpathsea
texlive-kvdefinekeys
texlive-kvoptions
texlive-kvsetkeys
texlive-latex
texlive-latex-fonts
texlive-latexconfig
texlive-letltxmacro
texlive-ltxcmds
texlive-luatex
texlive-memoir
texlive-pdfescape
texlive-pdftex
texlive-pdftexcmds
texlive-plain
texlive-refcount
texlive-rerunfilecheck
texlive-stringenc
texlive-tex-ini-files
texlive-texlive-scripts
texlive-texlive.infra
texlive-tools
texlive-unicode-data
texlive-uniquecounter
texlive-url
texlive-zapfding
tor
torbrowser-launcher
torsocks
transmission-common
transmission-gtk
ttmkfdir
unixODBC
unrar
usermode-gtk
util-linux-user
vamp-plugin-sdk
variety
video-downloader
vlc
wine-common
wine-core
wine-filesystem
winetricks
wireshark
wireshark-cli
xorg-x11-fonts-ISO8859-1-100dpi
xorg-x11-fonts-Type1
xsane
xsane-common
youtube-dl
zam-plugins
zeromq
zint
zita-convolver
zlib
zsh
zziplib
